// Jest Snapshot v1, https://goo.gl/fbAQLP

exports[`Home page matches snapshot 1`] = `
<DocumentFragment>
  <canvas
    class="makeStyles-canvas-1"
    height="0"
    width="0"
  />
  <canvas
    class="makeStyles-canvas-1"
    height="0"
    width="0"
  />
  <canvas
    class="makeStyles-canvas-1"
    height="0"
    width="0"
  />
  <div
    class="makeStyles-canvas-1"
  />
</DocumentFragment>
`;
